// Jest Snapshot v1, https://goo.gl/fbAQLP

exports[`Should add three item in expense list  1`] = `
<div>
  <Connect(ExpenseListHeader) />
  <Connect(ExpenseListFilters) />
  <Connect(ExpenseList) />
</div>
`;
