// Jest Snapshot v1, https://goo.gl/fbAQLP

exports[`Should run Expense list Item 1`] = `
<div>
  <Link
    to="/edit/2"
  >
    <h3>
      Rent
    </h3>
  </Link>
  <p>
    Amount:
    109500
     is created AT: 
    -345600000
  </p>
</div>
`;
