// Jest Snapshot v1, https://goo.gl/fbAQLP

exports[`Should render header 1`] = `
<header>
  <h1>
    Expensify
  </h1>
  <NavLink
    activeClassName="is-active"
    exact={true}
    to="/expensify"
  >
    Go To Home
  </NavLink>
    ||
  <NavLink
    activeClassName="is-active"
    to="/create"
  >
     Create Page
  </NavLink>
   ||
  <NavLink
    activeClassName="is-active"
    to="/help"
  >
     Help Page
  </NavLink>
   ||
</header>
`;
