// Jest Snapshot v1, https://goo.gl/fbAQLP

exports[`Should add three item in expense list  1`] = `
<div>
  404 
  <Link
    to="/expensify"
  >
    Go To Home
  </Link>
</div>
`;
